// Jest Snapshot v1, https://goo.gl/fbAQLP

exports[`testing Home component snapshot for the Home  1`] = `
<div
  data-testid="companies"
>
  <section>
    <div
      className="container d-flex align-items-center justify-content-center p-3"
    >
      <div
        className="me-2"
      >
        <img
          alt="canada flag"
          className=""
          src="Canada1.png"
        />
      </div>
      <div>
        <h1
          className="display-4"
        >
          Top Companies
        </h1>
        <small
          className="ms-4"
        >
          in Canada
        </small>
      </div>
    </div>
  </section>
  <div
    className="d-md-flex container"
    style={
      Object {
        "padding": "0",
      }
    }
  >
    <div
      className="stats"
    >
      <p>
        MOST IMPORTANT COMPANIES
      </p>
    </div>
    <div
      className="input-group"
    >
      <div
        className="input-group-prepend d-md-none"
      >
        <span
          className="input-group-text bg-primary"
          id="basic-addon1"
        >
          <svg
            color="#fff"
            fill="currentColor"
            height="1.5rem"
            stroke="currentColor"
            strokeWidth="0"
            style={
              Object {
                "color": "#fff",
              }
            }
            viewBox="0 0 512 512"
            width="1.5rem"
            xmlns="http://www.w3.org/2000/svg"
          >
            <path
              d="M505 442.7L405.3 343c-4.5-4.5-10.6-7-17-7H372c27.6-35.3 44-79.7 44-128C416 93.1 322.9 0 208 0S0 93.1 0 208s93.1 208 208 208c48.3 0 92.7-16.4 128-44v16.3c0 6.4 2.5 12.5 7 17l99.7 99.7c9.4 9.4 24.6 9.4 33.9 0l28.3-28.3c9.4-9.4 9.4-24.6.1-34zM208 336c-70.7 0-128-57.2-128-128 0-70.7 57.2-128 128-128 70.7 0 128 57.2 128 128 0 70.7-57.2 128-128 128z"
            />
          </svg>
        </span>
      </div>
      <input
        aria-describedby="basic-addon1"
        aria-label="Username"
        className="form-control"
        onChange={[Function]}
        placeholder="Search Companies..."
        type="text"
      />
    </div>
  </div>
  <div
    className="container"
  >
    <div
      className="row"
    />
  </div>
</div>
`;
